takebeyuuichirou@MacBook-Pro ~ % mkdir git_challenge
takebeyuuichirou@MacBook-Pro ~ % cd git_challenge
takebeyuuichirou@MacBook-Pro git_challenge % git init
Initialized empty Git repository in /Users/takebeyuuichirou/git_challenge/.git/
takebeyuuichirou@MacBook-Pro git_challenge % echo "Hello, world!" > hello_world.txt
dquote>                                                       
takebeyuuichirou@MacBook-Pro git_challenge % echo Hello, world! > hello_world.txt 
takebeyuuichirou@MacBook-Pro git_challenge % git add hello_world.txt
takebeyuuichirou@MacBook-Pro git_challenge % git commit -m
error: switch `m' requires a value
takebeyuuichirou@MacBook-Pro git_challenge % git commit -m "hello_world.txtを追加"
[main (root-commit) 350b190] hello_world.txtを追加
 1 file changed, 1 insertion(+)
 create mode 100644 hello_world.txt
takebeyuuichirou@MacBook-Pro git_challenge % echo "こんにちは、世界！" >> hello_world.txt
takebeyuuichirou@MacBook-Pro git_challenge % git add hello_world.txt
takebeyuuichirou@MacBook-Pro git_challenge % git commit -m "日本語訳を追加"
[main c5f4d74] 日本語訳を追加
 1 file changed, 1 insertion(+)
takebeyuuichirou@MacBook-Pro git_challenge % git log --oneline
c5f4d74 (HEAD -> main) 日本語訳を追加
350b190 hello_world.txtを追加
